Archive member included to satisfy reference by file (symbol)

d:/developer/electrical_engineering/stm32/ide/eclipsearm/plugins/fr.ac6.mcu.externaltools.arm-none.win32_1.13.2.201703061525/tools/compiler/bin/../lib/gcc/arm-none-eabi/5.4.1/../../../../arm-none-eabi/lib/armv7e-m/fpu\libc.a(lib_a-errno.o)
                              src/syscalls.o (__errno)
d:/developer/electrical_engineering/stm32/ide/eclipsearm/plugins/fr.ac6.mcu.externaltools.arm-none.win32_1.13.2.201703061525/tools/compiler/bin/../lib/gcc/arm-none-eabi/5.4.1/../../../../arm-none-eabi/lib/armv7e-m/fpu\libc.a(lib_a-exit.o)
                              d:/developer/electrical_engineering/stm32/ide/eclipsearm/plugins/fr.ac6.mcu.externaltools.arm-none.win32_1.13.2.201703061525/tools/compiler/bin/../lib/gcc/arm-none-eabi/5.4.1/../../../../arm-none-eabi/lib/armv7e-m/fpu/crt0.o (exit)
d:/developer/electrical_engineering/stm32/ide/eclipsearm/plugins/fr.ac6.mcu.externaltools.arm-none.win32_1.13.2.201703061525/tools/compiler/bin/../lib/gcc/arm-none-eabi/5.4.1/../../../../arm-none-eabi/lib/armv7e-m/fpu\libc.a(lib_a-impure.o)
                              d:/developer/electrical_engineering/stm32/ide/eclipsearm/plugins/fr.ac6.mcu.externaltools.arm-none.win32_1.13.2.201703061525/tools/compiler/bin/../lib/gcc/arm-none-eabi/5.4.1/../../../../arm-none-eabi/lib/armv7e-m/fpu\libc.a(lib_a-exit.o) (_global_impure_ptr)
d:/developer/electrical_engineering/stm32/ide/eclipsearm/plugins/fr.ac6.mcu.externaltools.arm-none.win32_1.13.2.201703061525/tools/compiler/bin/../lib/gcc/arm-none-eabi/5.4.1/../../../../arm-none-eabi/lib/armv7e-m/fpu\libc.a(lib_a-init.o)
                              d:/developer/electrical_engineering/stm32/ide/eclipsearm/plugins/fr.ac6.mcu.externaltools.arm-none.win32_1.13.2.201703061525/tools/compiler/bin/../lib/gcc/arm-none-eabi/5.4.1/../../../../arm-none-eabi/lib/armv7e-m/fpu/crt0.o (__libc_init_array)
d:/developer/electrical_engineering/stm32/ide/eclipsearm/plugins/fr.ac6.mcu.externaltools.arm-none.win32_1.13.2.201703061525/tools/compiler/bin/../lib/gcc/arm-none-eabi/5.4.1/../../../../arm-none-eabi/lib/armv7e-m/fpu\libc.a(lib_a-memset.o)
                              d:/developer/electrical_engineering/stm32/ide/eclipsearm/plugins/fr.ac6.mcu.externaltools.arm-none.win32_1.13.2.201703061525/tools/compiler/bin/../lib/gcc/arm-none-eabi/5.4.1/../../../../arm-none-eabi/lib/armv7e-m/fpu/crt0.o (memset)
d:/developer/electrical_engineering/stm32/ide/eclipsearm/plugins/fr.ac6.mcu.externaltools.arm-none.win32_1.13.2.201703061525/tools/compiler/bin/../lib/gcc/arm-none-eabi/5.4.1/../../../../arm-none-eabi/lib/armv7e-m/fpu\libc.a(lib_a-__call_atexit.o)
                              d:/developer/electrical_engineering/stm32/ide/eclipsearm/plugins/fr.ac6.mcu.externaltools.arm-none.win32_1.13.2.201703061525/tools/compiler/bin/../lib/gcc/arm-none-eabi/5.4.1/../../../../arm-none-eabi/lib/armv7e-m/fpu\libc.a(lib_a-exit.o) (__call_exitprocs)
d:/developer/electrical_engineering/stm32/ide/eclipsearm/plugins/fr.ac6.mcu.externaltools.arm-none.win32_1.13.2.201703061525/tools/compiler/bin/../lib/gcc/arm-none-eabi/5.4.1/../../../../arm-none-eabi/lib/armv7e-m/fpu\libc.a(lib_a-atexit.o)
                              d:/developer/electrical_engineering/stm32/ide/eclipsearm/plugins/fr.ac6.mcu.externaltools.arm-none.win32_1.13.2.201703061525/tools/compiler/bin/../lib/gcc/arm-none-eabi/5.4.1/../../../../arm-none-eabi/lib/armv7e-m/fpu\libc.a(lib_a-__call_atexit.o) (atexit)
d:/developer/electrical_engineering/stm32/ide/eclipsearm/plugins/fr.ac6.mcu.externaltools.arm-none.win32_1.13.2.201703061525/tools/compiler/bin/../lib/gcc/arm-none-eabi/5.4.1/../../../../arm-none-eabi/lib/armv7e-m/fpu\libc.a(lib_a-fini.o)
                              d:/developer/electrical_engineering/stm32/ide/eclipsearm/plugins/fr.ac6.mcu.externaltools.arm-none.win32_1.13.2.201703061525/tools/compiler/bin/../lib/gcc/arm-none-eabi/5.4.1/../../../../arm-none-eabi/lib/armv7e-m/fpu\libc.a(lib_a-__call_atexit.o) (__libc_fini_array)
d:/developer/electrical_engineering/stm32/ide/eclipsearm/plugins/fr.ac6.mcu.externaltools.arm-none.win32_1.13.2.201703061525/tools/compiler/bin/../lib/gcc/arm-none-eabi/5.4.1/../../../../arm-none-eabi/lib/armv7e-m/fpu\libc.a(lib_a-__atexit.o)
                              d:/developer/electrical_engineering/stm32/ide/eclipsearm/plugins/fr.ac6.mcu.externaltools.arm-none.win32_1.13.2.201703061525/tools/compiler/bin/../lib/gcc/arm-none-eabi/5.4.1/../../../../arm-none-eabi/lib/armv7e-m/fpu\libc.a(lib_a-atexit.o) (__register_exitproc)

Discarded input sections

 .text          0x00000000        0x0 d:/developer/electrical_engineering/stm32/ide/eclipsearm/plugins/fr.ac6.mcu.externaltools.arm-none.win32_1.13.2.201703061525/tools/compiler/bin/../lib/gcc/arm-none-eabi/5.4.1/armv7e-m/fpu/crti.o
[...]
Memory Configuration

Name             Origin             Length             Attributes
FLASH            0x08000000         0x00080000         xr
RAM              0x20000000         0x00020000         xrw
*default*        0x00000000         0xffffffff

Linker script and memory map

LOAD d:/developer/electrical_engineering/stm32/ide/eclipsearm/plugins/fr.ac6.mcu.externaltools.arm-none.win32_1.13.2.201703061525/tools/compiler/bin/../lib/gcc/arm-none-eabi/5.4.1/armv7e-m/fpu/crti.o
LOAD d:/developer/electrical_engineering/stm32/ide/eclipsearm/plugins/fr.ac6.mcu.externaltools.arm-none.win32_1.13.2.201703061525/tools/compiler/bin/../lib/gcc/arm-none-eabi/5.4.1/armv7e-m/fpu/crtbegin.o
LOAD d:/developer/electrical_engineering/stm32/ide/eclipsearm/plugins/fr.ac6.mcu.externaltools.arm-none.win32_1.13.2.201703061525/tools/compiler/bin/../lib/gcc/arm-none-eabi/5.4.1/../../../../arm-none-eabi/lib/armv7e-m/fpu/crt0.o
LOAD d:/developer/electrical_engineering/stm32/ide/eclipsearm/plugins/fr.ac6.mcu.externaltools.arm-none.win32_1.13.2.201703061525/tools/compiler/bin/../lib/gcc/arm-none-eabi/5.4.1/../../../../arm-none-eabi/lib/armv7e-m/fpu\libm.a
LOAD StdPeriph_Driver/src/misc.o
LOAD StdPeriph_Driver/src/stm32f4xx_adc.o
LOAD StdPeriph_Driver/src/stm32f4xx_can.o
LOAD StdPeriph_Driver/src/stm32f4xx_crc.o
LOAD StdPeriph_Driver/src/stm32f4xx_cryp.o
LOAD StdPeriph_Driver/src/stm32f4xx_cryp_aes.o
LOAD StdPeriph_Driver/src/stm32f4xx_cryp_des.o
LOAD StdPeriph_Driver/src/stm32f4xx_cryp_tdes.o
LOAD StdPeriph_Driver/src/stm32f4xx_dac.o
LOAD StdPeriph_Driver/src/stm32f4xx_dbgmcu.o
LOAD StdPeriph_Driver/src/stm32f4xx_dcmi.o
LOAD StdPeriph_Driver/src/stm32f4xx_dfsdm.o
LOAD StdPeriph_Driver/src/stm32f4xx_dma.o
LOAD StdPeriph_Driver/src/stm32f4xx_dma2d.o
LOAD StdPeriph_Driver/src/stm32f4xx_dsi.o
LOAD StdPeriph_Driver/src/stm32f4xx_exti.o
LOAD StdPeriph_Driver/src/stm32f4xx_flash.o
LOAD StdPeriph_Driver/src/stm32f4xx_flash_ramfunc.o
LOAD StdPeriph_Driver/src/stm32f4xx_gpio.o
LOAD StdPeriph_Driver/src/stm32f4xx_hash.o
LOAD StdPeriph_Driver/src/stm32f4xx_hash_md5.o
LOAD StdPeriph_Driver/src/stm32f4xx_hash_sha1.o
LOAD StdPeriph_Driver/src/stm32f4xx_i2c.o
LOAD StdPeriph_Driver/src/stm32f4xx_iwdg.o
LOAD StdPeriph_Driver/src/stm32f4xx_lptim.o
LOAD StdPeriph_Driver/src/stm32f4xx_ltdc.o
LOAD StdPeriph_Driver/src/stm32f4xx_pwr.o
LOAD StdPeriph_Driver/src/stm32f4xx_rcc.o
LOAD StdPeriph_Driver/src/stm32f4xx_rng.o
LOAD StdPeriph_Driver/src/stm32f4xx_rtc.o
LOAD StdPeriph_Driver/src/stm32f4xx_sai.o
LOAD StdPeriph_Driver/src/stm32f4xx_sdio.o
LOAD StdPeriph_Driver/src/stm32f4xx_spi.o
LOAD StdPeriph_Driver/src/stm32f4xx_syscfg.o
LOAD StdPeriph_Driver/src/stm32f4xx_tim.o
LOAD StdPeriph_Driver/src/stm32f4xx_usart.o
LOAD StdPeriph_Driver/src/stm32f4xx_wwdg.o
LOAD src/DL/drvGPIO.o
LOAD src/DL/drvIWDG.o
LOAD src/DL/drvRCC.o
LOAD src/DL/drvSysClock.o
LOAD src/DL/drvTrafficLight.o
LOAD src/main.o
LOAD src/stm32f4xx_it.o
LOAD src/syscalls.o
LOAD src/system_stm32f4xx.o
LOAD startup/startup_stm32f411xe.o
START GROUP
LOAD d:/developer/electrical_engineering/stm32/ide/eclipsearm/plugins/fr.ac6.mcu.externaltools.arm-none.win32_1.13.2.201703061525/tools/compiler/bin/../lib/gcc/arm-none-eabi/5.4.1/armv7e-m/fpu\libgcc.a
LOAD d:/developer/electrical_engineering/stm32/ide/eclipsearm/plugins/fr.ac6.mcu.externaltools.arm-none.win32_1.13.2.201703061525/tools/compiler/bin/../lib/gcc/arm-none-eabi/5.4.1/../../../../arm-none-eabi/lib/armv7e-m/fpu\libc.a
END GROUP
LOAD d:/developer/electrical_engineering/stm32/ide/eclipsearm/plugins/fr.ac6.mcu.externaltools.arm-none.win32_1.13.2.201703061525/tools/compiler/bin/../lib/gcc/arm-none-eabi/5.4.1/armv7e-m/fpu/crtend.o
LOAD d:/developer/electrical_engineering/stm32/ide/eclipsearm/plugins/fr.ac6.mcu.externaltools.arm-none.win32_1.13.2.201703061525/tools/compiler/bin/../lib/gcc/arm-none-eabi/5.4.1/armv7e-m/fpu/crtn.o
                0x20020000                _estack = 0x20020000
                0x00000200                _Min_Heap_Size = 0x200
                0x00000400                _Min_Stack_Size = 0x400

.isr_vector     0x08000000      0x198
                0x08000000                . = ALIGN (0x4)
 *(.isr_vector)
 .isr_vector    0x08000000      0x198 startup/startup_stm32f411xe.o
                0x08000000                g_pfnVectors
                0x08000198                . = ALIGN (0x4)

.text           0x08000198      0xde4
                0x08000198                . = ALIGN (0x4)
 *(.text)
 .text          0x08000198       0x5c d:/developer/electrical_engineering/stm32/ide/eclipsearm/plugins/fr.ac6.mcu.externaltools.arm-none.win32_1.13.2.201703061525/tools/compiler/bin/../lib/gcc/arm-none-eabi/5.4.1/armv7e-m/fpu/crtbegin.o
 *(.text*)
 .text.FLASH_SetLatency
                0x080001f4       0x20 StdPeriph_Driver/src/stm32f4xx_flash.o
                0x080001f4                FLASH_SetLatency
 .text.GPIO_Init
                0x08000214      0x11c StdPeriph_Driver/src/stm32f4xx_gpio.o
                0x08000214                GPIO_Init
 .text.GPIO_SetBits
                0x08000330       0x20 StdPeriph_Driver/src/stm32f4xx_gpio.o
                0x08000330                GPIO_SetBits
 .text.GPIO_ResetBits
                0x08000350       0x20 StdPeriph_Driver/src/stm32f4xx_gpio.o
                0x08000350                GPIO_ResetBits
 .text.IWDG_WriteAccessCmd
                0x08000370       0x20 StdPeriph_Driver/src/stm32f4xx_iwdg.o
                0x08000370                IWDG_WriteAccessCmd
 .text.IWDG_SetPrescaler
                0x08000390       0x20 StdPeriph_Driver/src/stm32f4xx_iwdg.o
                0x08000390                IWDG_SetPrescaler
 .text.IWDG_SetReload
                0x080003b0       0x20 StdPeriph_Driver/src/stm32f4xx_iwdg.o
                0x080003b0                IWDG_SetReload
 .text.IWDG_ReloadCounter
                0x080003d0       0x1c StdPeriph_Driver/src/stm32f4xx_iwdg.o
                0x080003d0                IWDG_ReloadCounter
 .text.IWDG_Enable
                0x080003ec       0x1c StdPeriph_Driver/src/stm32f4xx_iwdg.o
                0x080003ec                IWDG_Enable
 .text.RCC_DeInit
                0x08000408       0x64 StdPeriph_Driver/src/stm32f4xx_rcc.o
                0x08000408                RCC_DeInit
 .text.RCC_SYSCLKConfig
                0x0800046c       0x38 StdPeriph_Driver/src/stm32f4xx_rcc.o
                0x0800046c                RCC_SYSCLKConfig
 .text.RCC_HCLKConfig
                0x080004a4       0x38 StdPeriph_Driver/src/stm32f4xx_rcc.o
                0x080004a4                RCC_HCLKConfig
 .text.RCC_PCLK1Config
                0x080004dc       0x38 StdPeriph_Driver/src/stm32f4xx_rcc.o
                0x080004dc                RCC_PCLK1Config
 .text.RCC_PCLK2Config
                0x08000514       0x3c StdPeriph_Driver/src/stm32f4xx_rcc.o
                0x08000514                RCC_PCLK2Config
 .text.RCC_GetClocksFreq
                0x08000550      0x154 StdPeriph_Driver/src/stm32f4xx_rcc.o
                0x08000550                RCC_GetClocksFreq
 .text.RCC_AHB1PeriphClockCmd
                0x080006a4       0x40 StdPeriph_Driver/src/stm32f4xx_rcc.o
                0x080006a4                RCC_AHB1PeriphClockCmd
 .text.drvGPIO_Init
                0x080006e4       0xa8 src/DL/drvGPIO.o
                0x080006e4                drvGPIO_Init
 .text.drvGPIO_SetPin
                0x0800078c       0x8c src/DL/drvGPIO.o
                0x0800078c                drvGPIO_SetPin
 .text.drvGPIO_ResetPin
                0x08000818       0x8c src/DL/drvGPIO.o
                0x08000818                drvGPIO_ResetPin
 .text.drvIWDG_Init
                0x080008a4       0x28 src/DL/drvIWDG.o
                0x080008a4                drvIWDG_Init
 .text.drvIWDG_Run
                0x080008cc        0xc src/DL/drvIWDG.o
                0x080008cc                drvIWDG_Run
 .text.drvRCC_Init
                0x080008d8       0x2c src/DL/drvRCC.o
                0x080008d8                drvRCC_Init
 .text.NVIC_SetPriority
                0x08000904       0x54 src/DL/drvSysClock.o
 .text.SysTick_Config
                0x08000958       0x44 src/DL/drvSysClock.o
 .text.drvSysClock_Init
                0x0800099c       0x2c src/DL/drvSysClock.o
                0x0800099c                drvSysClock_Init
 .text.drvSysClock_GetTime
                0x080009c8       0x18 src/DL/drvSysClock.o
                0x080009c8                drvSysClock_GetTime
 .text.drvSysClock_isTimeSpent
                0x080009e0       0x40 src/DL/drvSysClock.o
                0x080009e0                drvSysClock_isTimeSpent
 .text.drvSysClock_Run
                0x08000a20       0x1c src/DL/drvSysClock.o
                0x08000a20                drvSysClock_Run
 .text.drvTrafficLight_Run
                0x08000a3c       0x2c src/DL/drvTrafficLight.o
                0x08000a3c                drvTrafficLight_Run
 .text.drvTrafficLight_StateMachine
                0x08000a68      0x228 src/DL/drvTrafficLight.o
                0x08000a68                drvTrafficLight_StateMachine
 .text.main     0x08000c90       0x14 src/main.o
                0x08000c90                main
 .text.BSP_Init
                0x08000ca4       0x18 src/main.o
                0x08000ca4                BSP_Init
 .text.SysTick_Handler
                0x08000cbc        0xc src/stm32f4xx_it.o
                0x08000cbc                SysTick_Handler
 .text.SystemInit
                0x08000cc8       0x6c src/system_stm32f4xx.o
                0x08000cc8                SystemInit
 .text.SetSysClock
                0x08000d34       0xa0 src/system_stm32f4xx.o
 .text.Reset_Handler
                0x08000dd4       0x50 startup/startup_stm32f411xe.o
                0x08000dd4                Reset_Handler
 .text.Default_Handler
                0x08000e24        0x2 startup/startup_stm32f411xe.o
                0x08000e24                RTC_Alarm_IRQHandler
                0x08000e24                EXTI2_IRQHandler
                0x08000e24                DebugMon_Handler
                0x08000e24                SPI4_IRQHandler
                0x08000e24                TIM1_CC_IRQHandler
                0x08000e24                DMA2_Stream5_IRQHandler
                0x08000e24                HardFault_Handler
                0x08000e24                DMA1_Stream5_IRQHandler
                0x08000e24                PVD_IRQHandler
                0x08000e24                SDIO_IRQHandler
                0x08000e24                TAMP_STAMP_IRQHandler
                0x08000e24                PendSV_Handler
                0x08000e24                NMI_Handler
                0x08000e24                EXTI3_IRQHandler
                0x08000e24                TIM1_UP_TIM10_IRQHandler
                0x08000e24                I2C3_ER_IRQHandler
                0x08000e24                EXTI0_IRQHandler
                0x08000e24                I2C2_EV_IRQHandler
                0x08000e24                DMA1_Stream2_IRQHandler
                0x08000e24                FPU_IRQHandler
                0x08000e24                UsageFault_Handler
                0x08000e24                DMA2_Stream2_IRQHandler
                0x08000e24                SPI1_IRQHandler
                0x08000e24                TIM1_BRK_TIM9_IRQHandler
                0x08000e24                DMA2_Stream3_IRQHandler
                0x08000e24                USART6_IRQHandler
                0x08000e24                DMA2_Stream0_IRQHandler
                0x08000e24                TIM4_IRQHandler
                0x08000e24                I2C1_EV_IRQHandler
                0x08000e24                DMA1_Stream6_IRQHandler
                0x08000e24                DMA1_Stream1_IRQHandler
                0x08000e24                TIM3_IRQHandler
                0x08000e24                RCC_IRQHandler
                0x08000e24                Default_Handler
                0x08000e24                EXTI15_10_IRQHandler
                0x08000e24                ADC_IRQHandler
                0x08000e24                DMA1_Stream7_IRQHandler
                0x08000e24                SPI5_IRQHandler
                0x08000e24                TIM5_IRQHandler
                0x08000e24                DMA2_Stream7_IRQHandler
                0x08000e24                I2C3_EV_IRQHandler
                0x08000e24                EXTI9_5_IRQHandler
                0x08000e24                RTC_WKUP_IRQHandler
                0x08000e24                SPI2_IRQHandler
                0x08000e24                MemManage_Handler
                0x08000e24                DMA1_Stream0_IRQHandler
                0x08000e24                SVC_Handler
                0x08000e24                EXTI4_IRQHandler
                0x08000e24                WWDG_IRQHandler
                0x08000e24                TIM2_IRQHandler
                0x08000e24                OTG_FS_WKUP_IRQHandler
                0x08000e24                TIM1_TRG_COM_TIM11_IRQHandler
                0x08000e24                EXTI1_IRQHandler
                0x08000e24                USART2_IRQHandler
                0x08000e24                I2C2_ER_IRQHandler
                0x08000e24                DMA2_Stream1_IRQHandler
                0x08000e24                FLASH_IRQHandler
                0x08000e24                DMA2_Stream4_IRQHandler
                0x08000e24                BusFault_Handler
                0x08000e24                USART1_IRQHandler
                0x08000e24                OTG_FS_IRQHandler
                0x08000e24                SPI3_IRQHandler
                0x08000e24                DMA1_Stream4_IRQHandler
                0x08000e24                I2C1_ER_IRQHandler
                0x08000e24                DMA2_Stream6_IRQHandler
                0x08000e24                DMA1_Stream3_IRQHandler
 *fill*         0x08000e26        0x2 
 .text.__libc_init_array
                0x08000e28       0x50 d:/developer/electrical_engineering/stm32/ide/eclipsearm/plugins/fr.ac6.mcu.externaltools.arm-none.win32_1.13.2.201703061525/tools/compiler/bin/../lib/gcc/arm-none-eabi/5.4.1/../../../../arm-none-eabi/lib/armv7e-m/fpu\libc.a(lib_a-init.o)
                0x08000e28                __libc_init_array
 .text.startup.register_fini
                0x08000e78       0x14 d:/developer/electrical_engineering/stm32/ide/eclipsearm/plugins/fr.ac6.mcu.externaltools.arm-none.win32_1.13.2.201703061525/tools/compiler/bin/../lib/gcc/arm-none-eabi/5.4.1/../../../../arm-none-eabi/lib/armv7e-m/fpu\libc.a(lib_a-__call_atexit.o)
 .text.atexit   0x08000e8c        0xc d:/developer/electrical_engineering/stm32/ide/eclipsearm/plugins/fr.ac6.mcu.externaltools.arm-none.win32_1.13.2.201703061525/tools/compiler/bin/../lib/gcc/arm-none-eabi/5.4.1/../../../../arm-none-eabi/lib/armv7e-m/fpu\libc.a(lib_a-atexit.o)
                0x08000e8c                atexit
 .text.__libc_fini_array
                0x08000e98       0x28 d:/developer/electrical_engineering/stm32/ide/eclipsearm/plugins/fr.ac6.mcu.externaltools.arm-none.win32_1.13.2.201703061525/tools/compiler/bin/../lib/gcc/arm-none-eabi/5.4.1/../../../../arm-none-eabi/lib/armv7e-m/fpu\libc.a(lib_a-fini.o)
                0x08000e98                __libc_fini_array
 .text.__register_exitproc
                0x08000ec0       0xa4 d:/developer/electrical_engineering/stm32/ide/eclipsearm/plugins/fr.ac6.mcu.externaltools.arm-none.win32_1.13.2.201703061525/tools/compiler/bin/../lib/gcc/arm-none-eabi/5.4.1/../../../../arm-none-eabi/lib/armv7e-m/fpu\libc.a(lib_a-__atexit.o)
                0x08000ec0                __register_exitproc
 *(.glue_7)
 .glue_7        0x08000f64        0x0 linker stubs
 *(.glue_7t)
 .glue_7t       0x08000f64        0x0 linker stubs
 *(.eh_frame)
 .eh_frame      0x08000f64        0x0 d:/developer/electrical_engineering/stm32/ide/eclipsearm/plugins/fr.ac6.mcu.externaltools.arm-none.win32_1.13.2.201703061525/tools/compiler/bin/../lib/gcc/arm-none-eabi/5.4.1/armv7e-m/fpu/crtbegin.o
 *(.init)
 .init          0x08000f64        0x4 d:/developer/electrical_engineering/stm32/ide/eclipsearm/plugins/fr.ac6.mcu.externaltools.arm-none.win32_1.13.2.201703061525/tools/compiler/bin/../lib/gcc/arm-none-eabi/5.4.1/armv7e-m/fpu/crti.o
                0x08000f64                _init
 .init          0x08000f68        0x8 d:/developer/electrical_engineering/stm32/ide/eclipsearm/plugins/fr.ac6.mcu.externaltools.arm-none.win32_1.13.2.201703061525/tools/compiler/bin/../lib/gcc/arm-none-eabi/5.4.1/armv7e-m/fpu/crtn.o
 *(.fini)
 .fini          0x08000f70        0x4 d:/developer/electrical_engineering/stm32/ide/eclipsearm/plugins/fr.ac6.mcu.externaltools.arm-none.win32_1.13.2.201703061525/tools/compiler/bin/../lib/gcc/arm-none-eabi/5.4.1/armv7e-m/fpu/crti.o
                0x08000f70                _fini
 .fini          0x08000f74        0x8 d:/developer/electrical_engineering/stm32/ide/eclipsearm/plugins/fr.ac6.mcu.externaltools.arm-none.win32_1.13.2.201703061525/tools/compiler/bin/../lib/gcc/arm-none-eabi/5.4.1/armv7e-m/fpu/crtn.o
                0x08000f7c                . = ALIGN (0x4)
                0x08000f7c                _etext = .

.vfp11_veneer   0x08000f7c        0x0
 .vfp11_veneer  0x08000f7c        0x0 linker stubs

.v4_bx          0x08000f7c        0x0
 .v4_bx         0x08000f7c        0x0 linker stubs

.iplt           0x08000f7c        0x0
 .iplt          0x08000f7c        0x0 d:/developer/electrical_engineering/stm32/ide/eclipsearm/plugins/fr.ac6.mcu.externaltools.arm-none.win32_1.13.2.201703061525/tools/compiler/bin/../lib/gcc/arm-none-eabi/5.4.1/armv7e-m/fpu/crtbegin.o

.rodata         0x08000f7c        0x4
                0x08000f7c                . = ALIGN (0x4)
 *(.rodata)
 *(.rodata*)
 .rodata._global_impure_ptr
                0x08000f7c        0x4 d:/developer/electrical_engineering/stm32/ide/eclipsearm/plugins/fr.ac6.mcu.externaltools.arm-none.win32_1.13.2.201703061525/tools/compiler/bin/../lib/gcc/arm-none-eabi/5.4.1/../../../../arm-none-eabi/lib/armv7e-m/fpu\libc.a(lib_a-impure.o)
                0x08000f7c                _global_impure_ptr
                0x08000f80                . = ALIGN (0x4)

.rel.dyn        0x08000f80        0x0
 .rel.iplt      0x08000f80        0x0 d:/developer/electrical_engineering/stm32/ide/eclipsearm/plugins/fr.ac6.mcu.externaltools.arm-none.win32_1.13.2.201703061525/tools/compiler/bin/../lib/gcc/arm-none-eabi/5.4.1/armv7e-m/fpu/crtbegin.o

.ARM.extab
 *(.ARM.extab* .gnu.linkonce.armextab.*)

.ARM            0x08000f80        0x0
                0x08000f80                __exidx_start = .
 *(.ARM.exidx*)
                0x08000f80                __exidx_end = .

.preinit_array  0x08000f80        0x0
                0x08000f80                PROVIDE (__preinit_array_start, .)
 *(.preinit_array*)
                0x08000f80                PROVIDE (__preinit_array_end, .)

.init_array     0x08000f80        0x8
                0x08000f80                PROVIDE (__init_array_start, .)
 *(SORT(.init_array.*))
 .init_array.00000
                0x08000f80        0x4 d:/developer/electrical_engineering/stm32/ide/eclipsearm/plugins/fr.ac6.mcu.externaltools.arm-none.win32_1.13.2.201703061525/tools/compiler/bin/../lib/gcc/arm-none-eabi/5.4.1/../../../../arm-none-eabi/lib/armv7e-m/fpu\libc.a(lib_a-__call_atexit.o)
 *(.init_array*)
 .init_array    0x08000f84        0x4 d:/developer/electrical_engineering/stm32/ide/eclipsearm/plugins/fr.ac6.mcu.externaltools.arm-none.win32_1.13.2.201703061525/tools/compiler/bin/../lib/gcc/arm-none-eabi/5.4.1/armv7e-m/fpu/crtbegin.o
                0x08000f88                PROVIDE (__init_array_end, .)

.fini_array     0x08000f88        0x4
                0x08000f88                PROVIDE (__fini_array_start, .)
 *(SORT(.fini_array.*))
 *(.fini_array*)
 .fini_array    0x08000f88        0x4 d:/developer/electrical_engineering/stm32/ide/eclipsearm/plugins/fr.ac6.mcu.externaltools.arm-none.win32_1.13.2.201703061525/tools/compiler/bin/../lib/gcc/arm-none-eabi/5.4.1/armv7e-m/fpu/crtbegin.o
                0x08000f8c                PROVIDE (__fini_array_end, .)
                0x08000f8c                _sidata = LOADADDR (.data)

.data           0x20000000      0x490 load address 0x08000f8c
                0x20000000                . = ALIGN (0x4)
                0x20000000                _sdata = .
 *(.data)
 .data          0x20000000       0x10 StdPeriph_Driver/src/stm32f4xx_rcc.o
 .data          0x20000010       0x28 src/DL/drvGPIO.o
                0x20000010                drvGPIO_ConfigTable
 .data          0x20000038       0x30 src/DL/drvTrafficLight.o
                0x20000038                drvTrafficLight
 *(.data*)
 .data.impure_data
                0x20000068      0x428 d:/developer/electrical_engineering/stm32/ide/eclipsearm/plugins/fr.ac6.mcu.externaltools.arm-none.win32_1.13.2.201703061525/tools/compiler/bin/../lib/gcc/arm-none-eabi/5.4.1/../../../../arm-none-eabi/lib/armv7e-m/fpu\libc.a(lib_a-impure.o)
                0x20000490                . = ALIGN (0x4)
                0x20000490                _edata = .

.jcr            0x20000490        0x0 load address 0x0800141c
 .jcr           0x20000490        0x0 d:/developer/electrical_engineering/stm32/ide/eclipsearm/plugins/fr.ac6.mcu.externaltools.arm-none.win32_1.13.2.201703061525/tools/compiler/bin/../lib/gcc/arm-none-eabi/5.4.1/armv7e-m/fpu/crtbegin.o

.igot.plt       0x20000490        0x0 load address 0x0800141c
 .igot.plt      0x20000490        0x0 d:/developer/electrical_engineering/stm32/ide/eclipsearm/plugins/fr.ac6.mcu.externaltools.arm-none.win32_1.13.2.201703061525/tools/compiler/bin/../lib/gcc/arm-none-eabi/5.4.1/armv7e-m/fpu/crtbegin.o
                0x20000490                . = ALIGN (0x4)

.bss            0x20000490       0x20 load address 0x0800141c
                0x20000490                _sbss = .
                0x20000490                __bss_start__ = _sbss
 *(.bss)
 .bss           0x20000490       0x1c d:/developer/electrical_engineering/stm32/ide/eclipsearm/plugins/fr.ac6.mcu.externaltools.arm-none.win32_1.13.2.201703061525/tools/compiler/bin/../lib/gcc/arm-none-eabi/5.4.1/armv7e-m/fpu/crtbegin.o
 .bss           0x200004ac        0x4 src/DL/drvSysClock.o
 *(.bss*)
 *(COMMON)
                0x200004b0                . = ALIGN (0x4)
                0x200004b0                _ebss = .
                0x200004b0                __bss_end__ = _ebss

._user_heap_stack
                0x200004b0      0x600 load address 0x0800141c
                0x200004b0                . = ALIGN (0x8)
                0x200004b0                PROVIDE (end, .)
                [!provide]                PROVIDE (_end, .)
                0x200006b0                . = (. + _Min_Heap_Size)
 *fill*         0x200004b0      0x200 
                0x20000ab0                . = (. + _Min_Stack_Size)
 *fill*         0x200006b0      0x400 
                0x20000ab0                . = ALIGN (0x8)

/DISCARD/
 libc.a(*)
 libm.a(*)
 libgcc.a(*)

.ARM.attributes
                0x00000000       0x30
 *(.ARM.attributes)
 .ARM.attributes
                0x00000000       0x22 d:/developer/electrical_engineering/stm32/ide/eclipsearm/plugins/fr.ac6.mcu.externaltools.arm-none.win32_1.13.2.201703061525/tools/compiler/bin/../lib/gcc/arm-none-eabi/5.4.1/armv7e-m/fpu/crti.o
 .ARM.attributes
                0x00000022       0x34 d:/developer/electrical_engineering/stm32/ide/eclipsearm/plugins/fr.ac6.mcu.externaltools.arm-none.win32_1.13.2.201703061525/tools/compiler/bin/../lib/gcc/arm-none-eabi/5.4.1/armv7e-m/fpu/crtbegin.o
 .ARM.attributes
                0x00000056       0x39 StdPeriph_Driver/src/stm32f4xx_flash.o
 .ARM.attributes
                0x0000008f       0x39 StdPeriph_Driver/src/stm32f4xx_gpio.o
 .ARM.attributes
                0x000000c8       0x39 StdPeriph_Driver/src/stm32f4xx_iwdg.o
 .ARM.attributes
                0x00000101       0x39 StdPeriph_Driver/src/stm32f4xx_rcc.o
 .ARM.attributes
                0x0000013a       0x39 src/DL/drvGPIO.o
 .ARM.attributes
                0x00000173       0x39 src/DL/drvIWDG.o
 .ARM.attributes
                0x000001ac       0x39 src/DL/drvRCC.o
 .ARM.attributes
                0x000001e5       0x39 src/DL/drvSysClock.o
 .ARM.attributes
                0x0000021e       0x39 src/DL/drvTrafficLight.o
 .ARM.attributes
                0x00000257       0x39 src/main.o
 .ARM.attributes
                0x00000290       0x39 src/stm32f4xx_it.o
 .ARM.attributes
                0x000002c9       0x39 src/system_stm32f4xx.o
 .ARM.attributes
                0x00000302       0x21 startup/startup_stm32f411xe.o
 .ARM.attributes
                0x00000323       0x34 d:/developer/electrical_engineering/stm32/ide/eclipsearm/plugins/fr.ac6.mcu.externaltools.arm-none.win32_1.13.2.201703061525/tools/compiler/bin/../lib/gcc/arm-none-eabi/5.4.1/../../../../arm-none-eabi/lib/armv7e-m/fpu\libc.a(lib_a-impure.o)
 .ARM.attributes
                0x00000357       0x34 d:/developer/electrical_engineering/stm32/ide/eclipsearm/plugins/fr.ac6.mcu.externaltools.arm-none.win32_1.13.2.201703061525/tools/compiler/bin/../lib/gcc/arm-none-eabi/5.4.1/../../../../arm-none-eabi/lib/armv7e-m/fpu\libc.a(lib_a-init.o)
 .ARM.attributes
                0x0000038b       0x34 d:/developer/electrical_engineering/stm32/ide/eclipsearm/plugins/fr.ac6.mcu.externaltools.arm-none.win32_1.13.2.201703061525/tools/compiler/bin/../lib/gcc/arm-none-eabi/5.4.1/../../../../arm-none-eabi/lib/armv7e-m/fpu\libc.a(lib_a-__call_atexit.o)
 .ARM.attributes
                0x000003bf       0x34 d:/developer/electrical_engineering/stm32/ide/eclipsearm/plugins/fr.ac6.mcu.externaltools.arm-none.win32_1.13.2.201703061525/tools/compiler/bin/../lib/gcc/arm-none-eabi/5.4.1/../../../../arm-none-eabi/lib/armv7e-m/fpu\libc.a(lib_a-atexit.o)
 .ARM.attributes
                0x000003f3       0x34 d:/developer/electrical_engineering/stm32/ide/eclipsearm/plugins/fr.ac6.mcu.externaltools.arm-none.win32_1.13.2.201703061525/tools/compiler/bin/../lib/gcc/arm-none-eabi/5.4.1/../../../../arm-none-eabi/lib/armv7e-m/fpu\libc.a(lib_a-fini.o)
 .ARM.attributes
                0x00000427       0x34 d:/developer/electrical_engineering/stm32/ide/eclipsearm/plugins/fr.ac6.mcu.externaltools.arm-none.win32_1.13.2.201703061525/tools/compiler/bin/../lib/gcc/arm-none-eabi/5.4.1/../../../../arm-none-eabi/lib/armv7e-m/fpu\libc.a(lib_a-__atexit.o)
 .ARM.attributes
                0x0000045b       0x22 d:/developer/electrical_engineering/stm32/ide/eclipsearm/plugins/fr.ac6.mcu.externaltools.arm-none.win32_1.13.2.201703061525/tools/compiler/bin/../lib/gcc/arm-none-eabi/5.4.1/armv7e-m/fpu/crtn.o
OUTPUT(Leibniz.elf elf32-littlearm)

.debug_info     0x00000000     0x35f4
 .debug_info    0x00000000      0x944 StdPeriph_Driver/src/stm32f4xx_flash.o
 .debug_info    0x00000944      0x625 StdPeriph_Driver/src/stm32f4xx_gpio.o
 .debug_info    0x00000f69      0x216 StdPeriph_Driver/src/stm32f4xx_iwdg.o
 .debug_info    0x0000117f      0xd66 StdPeriph_Driver/src/stm32f4xx_rcc.o
 .debug_info    0x00001ee5      0x430 src/DL/drvGPIO.o
 .debug_info    0x00002315       0xec src/DL/drvIWDG.o
 .debug_info    0x00002401       0xe2 src/DL/drvRCC.o
 .debug_info    0x000024e3      0x6e7 src/DL/drvSysClock.o
 .debug_info    0x00002bca      0x269 src/DL/drvTrafficLight.o
 .debug_info    0x00002e33       0xcb src/main.o
 .debug_info    0x00002efe       0xaf src/stm32f4xx_it.o
 .debug_info    0x00002fad      0x5be src/system_stm32f4xx.o
 .debug_info    0x0000356b       0x89 startup/startup_stm32f411xe.o

.debug_abbrev   0x00000000      0xcea
 .debug_abbrev  0x00000000      0x176 StdPeriph_Driver/src/stm32f4xx_flash.o
 .debug_abbrev  0x00000176      0x1ac StdPeriph_Driver/src/stm32f4xx_gpio.o
 .debug_abbrev  0x00000322      0x108 StdPeriph_Driver/src/stm32f4xx_iwdg.o
 .debug_abbrev  0x0000042a      0x1c1 StdPeriph_Driver/src/stm32f4xx_rcc.o
 .debug_abbrev  0x000005eb      0x153 src/DL/drvGPIO.o
 .debug_abbrev  0x0000073e       0x6a src/DL/drvIWDG.o
 .debug_abbrev  0x000007a8       0x6a src/DL/drvRCC.o
 .debug_abbrev  0x00000812      0x1dd src/DL/drvSysClock.o
 .debug_abbrev  0x000009ef       0xe1 src/DL/drvTrafficLight.o
 .debug_abbrev  0x00000ad0       0x84 src/main.o
 .debug_abbrev  0x00000b54       0x6a src/stm32f4xx_it.o
 .debug_abbrev  0x00000bbe      0x11a src/system_stm32f4xx.o
 .debug_abbrev  0x00000cd8       0x12 startup/startup_stm32f411xe.o

.debug_aranges  0x00000000      0x550
 .debug_aranges
                0x00000000      0x158 StdPeriph_Driver/src/stm32f4xx_flash.o
 .debug_aranges
                0x00000158       0x88 StdPeriph_Driver/src/stm32f4xx_gpio.o
 .debug_aranges
                0x000001e0       0x48 StdPeriph_Driver/src/stm32f4xx_iwdg.o
 .debug_aranges
                0x00000228      0x198 StdPeriph_Driver/src/stm32f4xx_rcc.o
 .debug_aranges
                0x000003c0       0x38 src/DL/drvGPIO.o
 .debug_aranges
                0x000003f8       0x28 src/DL/drvIWDG.o
 .debug_aranges
                0x00000420       0x20 src/DL/drvRCC.o
 .debug_aranges
                0x00000440       0x48 src/DL/drvSysClock.o
 .debug_aranges
                0x00000488       0x28 src/DL/drvTrafficLight.o
 .debug_aranges
                0x000004b0       0x28 src/main.o
 .debug_aranges
                0x000004d8       0x20 src/stm32f4xx_it.o
 .debug_aranges
                0x000004f8       0x30 src/system_stm32f4xx.o
 .debug_aranges
                0x00000528       0x28 startup/startup_stm32f411xe.o

.debug_ranges   0x00000000      0x488
 .debug_ranges  0x00000000      0x148 StdPeriph_Driver/src/stm32f4xx_flash.o
 .debug_ranges  0x00000148       0x78 StdPeriph_Driver/src/stm32f4xx_gpio.o
 .debug_ranges  0x000001c0       0x38 StdPeriph_Driver/src/stm32f4xx_iwdg.o
 .debug_ranges  0x000001f8      0x188 StdPeriph_Driver/src/stm32f4xx_rcc.o
 .debug_ranges  0x00000380       0x28 src/DL/drvGPIO.o
 .debug_ranges  0x000003a8       0x18 src/DL/drvIWDG.o
 .debug_ranges  0x000003c0       0x10 src/DL/drvRCC.o
 .debug_ranges  0x000003d0       0x38 src/DL/drvSysClock.o
 .debug_ranges  0x00000408       0x18 src/DL/drvTrafficLight.o
 .debug_ranges  0x00000420       0x18 src/main.o
 .debug_ranges  0x00000438       0x10 src/stm32f4xx_it.o
 .debug_ranges  0x00000448       0x20 src/system_stm32f4xx.o
 .debug_ranges  0x00000468       0x20 startup/startup_stm32f411xe.o

.debug_macro    0x00000000     0x1cb4
 .debug_macro   0x00000000      0x191 StdPeriph_Driver/src/stm32f4xx_flash.o
 .debug_macro   0x00000191      0x416 StdPeriph_Driver/src/stm32f4xx_flash.o
 .debug_macro   0x000005a7      0x18f StdPeriph_Driver/src/stm32f4xx_gpio.o
 .debug_macro   0x00000736      0x2ee StdPeriph_Driver/src/stm32f4xx_gpio.o
 .debug_macro   0x00000a24      0x197 StdPeriph_Driver/src/stm32f4xx_iwdg.o
 .debug_macro   0x00000bbb       0x5e StdPeriph_Driver/src/stm32f4xx_iwdg.o
 .debug_macro   0x00000c19      0x25e StdPeriph_Driver/src/stm32f4xx_rcc.o
 .debug_macro   0x00000e77      0x18b src/DL/drvGPIO.o
 .debug_macro   0x00001002      0x18b src/DL/drvIWDG.o
 .debug_macro   0x0000118d      0x193 src/DL/drvRCC.o
 .debug_macro   0x00001320      0x174 src/DL/drvRCC.o
 .debug_macro   0x00001494      0x18b src/DL/drvSysClock.o
 .debug_macro   0x0000161f      0x19f src/DL/drvTrafficLight.o
 .debug_macro   0x000017be      0x1bc src/main.o
 .debug_macro   0x0000197a      0x195 src/stm32f4xx_it.o
 .debug_macro   0x00001b0f      0x1a5 src/system_stm32f4xx.o

.debug_line     0x00000000     0x582a
 .debug_line    0x00000000      0x9d1 StdPeriph_Driver/src/stm32f4xx_flash.o
 .debug_line    0x000009d1      0x7d1 StdPeriph_Driver/src/stm32f4xx_gpio.o
 .debug_line    0x000011a2      0x6b2 StdPeriph_Driver/src/stm32f4xx_iwdg.o
 .debug_line    0x00001854      0xa5b StdPeriph_Driver/src/stm32f4xx_rcc.o
 .debug_line    0x000022af      0x6b5 src/DL/drvGPIO.o
 .debug_line    0x00002964      0x660 src/DL/drvIWDG.o
 .debug_line    0x00002fc4      0x65a src/DL/drvRCC.o
 .debug_line    0x0000361e      0x6c8 src/DL/drvSysClock.o
 .debug_line    0x00003ce6      0x6b9 src/DL/drvTrafficLight.o
 .debug_line    0x0000439f      0x6bc src/main.o
 .debug_line    0x00004a5b      0x6af src/stm32f4xx_it.o
 .debug_line    0x0000510a      0x6a1 src/system_stm32f4xx.o
 .debug_line    0x000057ab       0x7f startup/startup_stm32f411xe.o

.debug_str      0x00000000    0x548ab
 .debug_str     0x00000000    0x52adf StdPeriph_Driver/src/stm32f4xx_flash.o
                              0x52cb0 (size before relaxing)
 .debug_str     0x00052adf      0x2ac StdPeriph_Driver/src/stm32f4xx_gpio.o
                              0x52a8e (size before relaxing)
 .debug_str     0x00052d8b      0x109 StdPeriph_Driver/src/stm32f4xx_iwdg.o
                              0x5289c (size before relaxing)
 .debug_str     0x00052e94      0xcf0 StdPeriph_Driver/src/stm32f4xx_rcc.o
                              0x534ed (size before relaxing)
 .debug_str     0x00053b84      0x1a8 src/DL/drvGPIO.o
                              0x52aba (size before relaxing)
 .debug_str     0x00053d2c       0x3c src/DL/drvIWDG.o
                              0x52799 (size before relaxing)
 .debug_str     0x00053d68      0x2d3 src/DL/drvRCC.o
                              0x52a9f (size before relaxing)
 .debug_str     0x0005403b      0x516 src/DL/drvSysClock.o
                              0x52d08 (size before relaxing)
 .debug_str     0x00054551      0x26b src/DL/drvTrafficLight.o
                              0x52aa5 (size before relaxing)
 .debug_str     0x000547bc       0x1c src/main.o
                              0x52ab8 (size before relaxing)
 .debug_str     0x000547d8       0x38 src/stm32f4xx_it.o
                              0x5277f (size before relaxing)
 .debug_str     0x00054810       0x9b src/system_stm32f4xx.o
                              0x529be (size before relaxing)

.comment        0x00000000       0x6e
 .comment       0x00000000       0x6e StdPeriph_Driver/src/stm32f4xx_flash.o
                                 0x6f (size before relaxing)
 .comment       0x0000006e       0x6f StdPeriph_Driver/src/stm32f4xx_gpio.o
 .comment       0x0000006e       0x6f StdPeriph_Driver/src/stm32f4xx_iwdg.o
 .comment       0x0000006e       0x6f StdPeriph_Driver/src/stm32f4xx_rcc.o
 .comment       0x0000006e       0x6f src/DL/drvGPIO.o
 .comment       0x0000006e       0x6f src/DL/drvIWDG.o
 .comment       0x0000006e       0x6f src/DL/drvRCC.o
 .comment       0x0000006e       0x6f src/DL/drvSysClock.o
 .comment       0x0000006e       0x6f src/DL/drvTrafficLight.o
 .comment       0x0000006e       0x6f src/main.o
 .comment       0x0000006e       0x6f src/stm32f4xx_it.o
 .comment       0x0000006e       0x6f src/system_stm32f4xx.o

.debug_frame    0x00000000     0x1498
 .debug_frame   0x00000000      0x5b4 StdPeriph_Driver/src/stm32f4xx_flash.o
 .debug_frame   0x000005b4      0x23c StdPeriph_Driver/src/stm32f4xx_gpio.o
 .debug_frame   0x000007f0       0xf0 StdPeriph_Driver/src/stm32f4xx_iwdg.o
 .debug_frame   0x000008e0      0x774 StdPeriph_Driver/src/stm32f4xx_rcc.o
 .debug_frame   0x00001054       0xa0 src/DL/drvGPIO.o
 .debug_frame   0x000010f4       0x48 src/DL/drvIWDG.o
 .debug_frame   0x0000113c       0x2c src/DL/drvRCC.o
 .debug_frame   0x00001168       0xe8 src/DL/drvSysClock.o
 .debug_frame   0x00001250       0x5c src/DL/drvTrafficLight.o
 .debug_frame   0x000012ac       0x48 src/main.o
 .debug_frame   0x000012f4       0x2c src/stm32f4xx_it.o
 .debug_frame   0x00001320       0x74 src/system_stm32f4xx.o
 .debug_frame   0x00001394       0x2c d:/developer/electrical_engineering/stm32/ide/eclipsearm/plugins/fr.ac6.mcu.externaltools.arm-none.win32_1.13.2.201703061525/tools/compiler/bin/../lib/gcc/arm-none-eabi/5.4.1/../../../../arm-none-eabi/lib/armv7e-m/fpu\libc.a(lib_a-init.o)
 .debug_frame   0x000013c0       0x50 d:/developer/electrical_engineering/stm32/ide/eclipsearm/plugins/fr.ac6.mcu.externaltools.arm-none.win32_1.13.2.201703061525/tools/compiler/bin/../lib/gcc/arm-none-eabi/5.4.1/../../../../arm-none-eabi/lib/armv7e-m/fpu\libc.a(lib_a-__call_atexit.o)
 .debug_frame   0x00001410       0x20 d:/developer/electrical_engineering/stm32/ide/eclipsearm/plugins/fr.ac6.mcu.externaltools.arm-none.win32_1.13.2.201703061525/tools/compiler/bin/../lib/gcc/arm-none-eabi/5.4.1/../../../../arm-none-eabi/lib/armv7e-m/fpu\libc.a(lib_a-atexit.o)
 .debug_frame   0x00001430       0x34 d:/developer/electrical_engineering/stm32/ide/eclipsearm/plugins/fr.ac6.mcu.externaltools.arm-none.win32_1.13.2.201703061525/tools/compiler/bin/../lib/gcc/arm-none-eabi/5.4.1/../../../../arm-none-eabi/lib/armv7e-m/fpu\libc.a(lib_a-fini.o)
 .debug_frame   0x00001464       0x34 d:/developer/electrical_engineering/stm32/ide/eclipsearm/plugins/fr.ac6.mcu.externaltools.arm-none.win32_1.13.2.201703061525/tools/compiler/bin/../lib/gcc/arm-none-eabi/5.4.1/../../../../arm-none-eabi/lib/armv7e-m/fpu\libc.a(lib_a-__atexit.o)
